// Jest Snapshot v1, https://goo.gl/fbAQLP

exports[`grid tests should collapse a cell 1`] = `
Array [
  Array [
    Cell {
      "col": 0,
      "collapsed": false,
      "entropyNois": 0.000007654321090000001,
      "possibleTiles": Array [
        0,
        1,
        2,
      ],
      "row": 0,
      "selectedTileId": -1,
      "sumPossibleTileWeighsLogWeights": 0,
      "sumPossibleTileWeights": 3,
      "tileEnablerCounts": Array [
        Object {
          "east": 2,
          "north": 2,
          "south": 2,
          "tileId": 0,
          "west": 2,
        },
        Object {
          "east": 1,
          "north": 2,
          "south": 2,
          "tileId": 1,
          "west": 1,
        },
        Object {
          "east": 2,
          "north": 1,
          "south": 1,
          "tileId": 2,
          "west": 2,
        },
      ],
    },
    Cell {
      "col": 1,
      "collapsed": false,
      "entropyNois": 0.000007654321090000001,
      "possibleTiles": Array [
        0,
        1,
        2,
      ],
      "row": 0,
      "selectedTileId": -1,
      "sumPossibleTileWeighsLogWeights": 0,
      "sumPossibleTileWeights": 3,
      "tileEnablerCounts": Array [
        Object {
          "east": 2,
          "north": 2,
          "south": 2,
          "tileId": 0,
          "west": 2,
        },
        Object {
          "east": 1,
          "north": 2,
          "south": 2,
          "tileId": 1,
          "west": 1,
        },
        Object {
          "east": 2,
          "north": 1,
          "south": 1,
          "tileId": 2,
          "west": 2,
        },
      ],
    },
    Cell {
      "col": 2,
      "collapsed": false,
      "entropyNois": 0.000007654321090000001,
      "possibleTiles": Array [
        0,
        1,
        2,
      ],
      "row": 0,
      "selectedTileId": -1,
      "sumPossibleTileWeighsLogWeights": 0,
      "sumPossibleTileWeights": 3,
      "tileEnablerCounts": Array [
        Object {
          "east": 2,
          "north": 2,
          "south": 2,
          "tileId": 0,
          "west": 2,
        },
        Object {
          "east": 1,
          "north": 2,
          "south": 2,
          "tileId": 1,
          "west": 1,
        },
        Object {
          "east": 2,
          "north": 1,
          "south": 1,
          "tileId": 2,
          "west": 2,
        },
      ],
    },
  ],
  Array [
    Cell {
      "col": 0,
      "collapsed": false,
      "entropyNois": 0.000007654321090000001,
      "possibleTiles": Array [
        0,
        1,
        2,
      ],
      "row": 1,
      "selectedTileId": -1,
      "sumPossibleTileWeighsLogWeights": 0,
      "sumPossibleTileWeights": 3,
      "tileEnablerCounts": Array [
        Object {
          "east": 2,
          "north": 2,
          "south": 2,
          "tileId": 0,
          "west": 2,
        },
        Object {
          "east": 1,
          "north": 2,
          "south": 2,
          "tileId": 1,
          "west": 1,
        },
        Object {
          "east": 2,
          "north": 1,
          "south": 1,
          "tileId": 2,
          "west": 2,
        },
      ],
    },
    Cell {
      "col": 1,
      "collapsed": true,
      "entropyNois": 0.000007654321090000001,
      "possibleTiles": Array [],
      "row": 1,
      "selectedTileId": 0,
      "sumPossibleTileWeighsLogWeights": 0,
      "sumPossibleTileWeights": 3,
      "tileEnablerCounts": Array [
        Object {
          "east": 2,
          "north": 2,
          "south": 2,
          "tileId": 0,
          "west": 2,
        },
        Object {
          "east": 1,
          "north": 2,
          "south": 2,
          "tileId": 1,
          "west": 1,
        },
        Object {
          "east": 2,
          "north": 1,
          "south": 1,
          "tileId": 2,
          "west": 2,
        },
      ],
    },
    Cell {
      "col": 2,
      "collapsed": false,
      "entropyNois": 0.000007654321090000001,
      "possibleTiles": Array [
        0,
        1,
        2,
      ],
      "row": 1,
      "selectedTileId": -1,
      "sumPossibleTileWeighsLogWeights": 0,
      "sumPossibleTileWeights": 3,
      "tileEnablerCounts": Array [
        Object {
          "east": 2,
          "north": 2,
          "south": 2,
          "tileId": 0,
          "west": 2,
        },
        Object {
          "east": 1,
          "north": 2,
          "south": 2,
          "tileId": 1,
          "west": 1,
        },
        Object {
          "east": 2,
          "north": 1,
          "south": 1,
          "tileId": 2,
          "west": 2,
        },
      ],
    },
  ],
  Array [
    Cell {
      "col": 0,
      "collapsed": false,
      "entropyNois": 0.000007654321090000001,
      "possibleTiles": Array [
        0,
        1,
        2,
      ],
      "row": 2,
      "selectedTileId": -1,
      "sumPossibleTileWeighsLogWeights": 0,
      "sumPossibleTileWeights": 3,
      "tileEnablerCounts": Array [
        Object {
          "east": 2,
          "north": 2,
          "south": 2,
          "tileId": 0,
          "west": 2,
        },
        Object {
          "east": 1,
          "north": 2,
          "south": 2,
          "tileId": 1,
          "west": 1,
        },
        Object {
          "east": 2,
          "north": 1,
          "south": 1,
          "tileId": 2,
          "west": 2,
        },
      ],
    },
    Cell {
      "col": 1,
      "collapsed": false,
      "entropyNois": 0.000007654321090000001,
      "possibleTiles": Array [
        0,
        1,
        2,
      ],
      "row": 2,
      "selectedTileId": -1,
      "sumPossibleTileWeighsLogWeights": 0,
      "sumPossibleTileWeights": 3,
      "tileEnablerCounts": Array [
        Object {
          "east": 2,
          "north": 2,
          "south": 2,
          "tileId": 0,
          "west": 2,
        },
        Object {
          "east": 1,
          "north": 2,
          "south": 2,
          "tileId": 1,
          "west": 1,
        },
        Object {
          "east": 2,
          "north": 1,
          "south": 1,
          "tileId": 2,
          "west": 2,
        },
      ],
    },
    Cell {
      "col": 2,
      "collapsed": false,
      "entropyNois": 0.000007654321090000001,
      "possibleTiles": Array [
        0,
        1,
        2,
      ],
      "row": 2,
      "selectedTileId": -1,
      "sumPossibleTileWeighsLogWeights": 0,
      "sumPossibleTileWeights": 3,
      "tileEnablerCounts": Array [
        Object {
          "east": 2,
          "north": 2,
          "south": 2,
          "tileId": 0,
          "west": 2,
        },
        Object {
          "east": 1,
          "north": 2,
          "south": 2,
          "tileId": 1,
          "west": 1,
        },
        Object {
          "east": 2,
          "north": 1,
          "south": 1,
          "tileId": 2,
          "west": 2,
        },
      ],
    },
  ],
]
`;

exports[`grid tests should fill grid 1`] = `
Array [
  Array [
    Cell {
      "col": 0,
      "collapsed": false,
      "entropyNois": 0.000007654321090000001,
      "possibleTiles": Array [
        0,
        1,
        2,
      ],
      "row": 0,
      "selectedTileId": -1,
      "sumPossibleTileWeighsLogWeights": 0,
      "sumPossibleTileWeights": 3,
      "tileEnablerCounts": Array [
        Object {
          "east": 2,
          "north": 2,
          "south": 2,
          "tileId": 0,
          "west": 2,
        },
        Object {
          "east": 1,
          "north": 2,
          "south": 2,
          "tileId": 1,
          "west": 1,
        },
        Object {
          "east": 2,
          "north": 1,
          "south": 1,
          "tileId": 2,
          "west": 2,
        },
      ],
    },
    Cell {
      "col": 1,
      "collapsed": false,
      "entropyNois": 0.000007654321090000001,
      "possibleTiles": Array [
        0,
        1,
        2,
      ],
      "row": 0,
      "selectedTileId": -1,
      "sumPossibleTileWeighsLogWeights": 0,
      "sumPossibleTileWeights": 3,
      "tileEnablerCounts": Array [
        Object {
          "east": 2,
          "north": 2,
          "south": 2,
          "tileId": 0,
          "west": 2,
        },
        Object {
          "east": 1,
          "north": 2,
          "south": 2,
          "tileId": 1,
          "west": 1,
        },
        Object {
          "east": 2,
          "north": 1,
          "south": 1,
          "tileId": 2,
          "west": 2,
        },
      ],
    },
    Cell {
      "col": 2,
      "collapsed": false,
      "entropyNois": 0.000007654321090000001,
      "possibleTiles": Array [
        0,
        1,
        2,
      ],
      "row": 0,
      "selectedTileId": -1,
      "sumPossibleTileWeighsLogWeights": 0,
      "sumPossibleTileWeights": 3,
      "tileEnablerCounts": Array [
        Object {
          "east": 2,
          "north": 2,
          "south": 2,
          "tileId": 0,
          "west": 2,
        },
        Object {
          "east": 1,
          "north": 2,
          "south": 2,
          "tileId": 1,
          "west": 1,
        },
        Object {
          "east": 2,
          "north": 1,
          "south": 1,
          "tileId": 2,
          "west": 2,
        },
      ],
    },
  ],
  Array [
    Cell {
      "col": 0,
      "collapsed": false,
      "entropyNois": 0.000007654321090000001,
      "possibleTiles": Array [
        0,
        1,
        2,
      ],
      "row": 1,
      "selectedTileId": -1,
      "sumPossibleTileWeighsLogWeights": 0,
      "sumPossibleTileWeights": 3,
      "tileEnablerCounts": Array [
        Object {
          "east": 2,
          "north": 2,
          "south": 2,
          "tileId": 0,
          "west": 2,
        },
        Object {
          "east": 1,
          "north": 2,
          "south": 2,
          "tileId": 1,
          "west": 1,
        },
        Object {
          "east": 2,
          "north": 1,
          "south": 1,
          "tileId": 2,
          "west": 2,
        },
      ],
    },
    Cell {
      "col": 1,
      "collapsed": false,
      "entropyNois": 0.000007654321090000001,
      "possibleTiles": Array [
        0,
        1,
        2,
      ],
      "row": 1,
      "selectedTileId": -1,
      "sumPossibleTileWeighsLogWeights": 0,
      "sumPossibleTileWeights": 3,
      "tileEnablerCounts": Array [
        Object {
          "east": 2,
          "north": 2,
          "south": 2,
          "tileId": 0,
          "west": 2,
        },
        Object {
          "east": 1,
          "north": 2,
          "south": 2,
          "tileId": 1,
          "west": 1,
        },
        Object {
          "east": 2,
          "north": 1,
          "south": 1,
          "tileId": 2,
          "west": 2,
        },
      ],
    },
    Cell {
      "col": 2,
      "collapsed": false,
      "entropyNois": 0.000007654321090000001,
      "possibleTiles": Array [
        0,
        1,
        2,
      ],
      "row": 1,
      "selectedTileId": -1,
      "sumPossibleTileWeighsLogWeights": 0,
      "sumPossibleTileWeights": 3,
      "tileEnablerCounts": Array [
        Object {
          "east": 2,
          "north": 2,
          "south": 2,
          "tileId": 0,
          "west": 2,
        },
        Object {
          "east": 1,
          "north": 2,
          "south": 2,
          "tileId": 1,
          "west": 1,
        },
        Object {
          "east": 2,
          "north": 1,
          "south": 1,
          "tileId": 2,
          "west": 2,
        },
      ],
    },
  ],
  Array [
    Cell {
      "col": 0,
      "collapsed": false,
      "entropyNois": 0.000007654321090000001,
      "possibleTiles": Array [
        0,
        1,
        2,
      ],
      "row": 2,
      "selectedTileId": -1,
      "sumPossibleTileWeighsLogWeights": 0,
      "sumPossibleTileWeights": 3,
      "tileEnablerCounts": Array [
        Object {
          "east": 2,
          "north": 2,
          "south": 2,
          "tileId": 0,
          "west": 2,
        },
        Object {
          "east": 1,
          "north": 2,
          "south": 2,
          "tileId": 1,
          "west": 1,
        },
        Object {
          "east": 2,
          "north": 1,
          "south": 1,
          "tileId": 2,
          "west": 2,
        },
      ],
    },
    Cell {
      "col": 1,
      "collapsed": false,
      "entropyNois": 0.000007654321090000001,
      "possibleTiles": Array [
        0,
        1,
        2,
      ],
      "row": 2,
      "selectedTileId": -1,
      "sumPossibleTileWeighsLogWeights": 0,
      "sumPossibleTileWeights": 3,
      "tileEnablerCounts": Array [
        Object {
          "east": 2,
          "north": 2,
          "south": 2,
          "tileId": 0,
          "west": 2,
        },
        Object {
          "east": 1,
          "north": 2,
          "south": 2,
          "tileId": 1,
          "west": 1,
        },
        Object {
          "east": 2,
          "north": 1,
          "south": 1,
          "tileId": 2,
          "west": 2,
        },
      ],
    },
    Cell {
      "col": 2,
      "collapsed": false,
      "entropyNois": 0.000007654321090000001,
      "possibleTiles": Array [
        0,
        1,
        2,
      ],
      "row": 2,
      "selectedTileId": -1,
      "sumPossibleTileWeighsLogWeights": 0,
      "sumPossibleTileWeights": 3,
      "tileEnablerCounts": Array [
        Object {
          "east": 2,
          "north": 2,
          "south": 2,
          "tileId": 0,
          "west": 2,
        },
        Object {
          "east": 1,
          "north": 2,
          "south": 2,
          "tileId": 1,
          "west": 1,
        },
        Object {
          "east": 2,
          "north": 1,
          "south": 1,
          "tileId": 2,
          "west": 2,
        },
      ],
    },
  ],
]
`;
