// Jest Snapshot v1, https://goo.gl/fbAQLP

exports[`data utils tests fromDataFile should get tiles from data 1`] = `
Array [
  Object {
    "east": "east11",
    "north": "north1",
    "rotiationDegree": 0,
    "south": "south1",
    "svg": "svg1",
    "uid": "OOOOOOOOOO",
    "west": "west1",
  },
  Object {
    "east": "north1",
    "north": "west1",
    "rotiationDegree": 90,
    "south": "east11",
    "svg": "svg1",
    "uid": "OOOOOOOOOO",
    "west": "south1",
  },
  Object {
    "east": "west1",
    "north": "south1",
    "rotiationDegree": 180,
    "south": "north1",
    "svg": "svg1",
    "uid": "OOOOOOOOOO",
    "west": "east11",
  },
  Object {
    "east": "south1",
    "north": "east11",
    "rotiationDegree": 270,
    "south": "west1",
    "svg": "svg1",
    "uid": "OOOOOOOOOO",
    "west": "north1",
  },
  Object {
    "east": "east2",
    "north": "north2",
    "rotiationDegree": 0,
    "south": "south2",
    "svg": "svg2",
    "uid": "OOOOOOOOOO",
    "west": "west2",
  },
  Object {
    "east": "north2",
    "north": "west2",
    "rotiationDegree": 90,
    "south": "east2",
    "svg": "svg2",
    "uid": "OOOOOOOOOO",
    "west": "south2",
  },
  Object {
    "east": "west2",
    "north": "south2",
    "rotiationDegree": 180,
    "south": "north2",
    "svg": "svg2",
    "uid": "OOOOOOOOOO",
    "west": "east2",
  },
  Object {
    "east": "south2",
    "north": "east2",
    "rotiationDegree": 270,
    "south": "west2",
    "svg": "svg2",
    "uid": "OOOOOOOOOO",
    "west": "north2",
  },
]
`;

exports[`data utils tests toDataFile should combine same tiles 1`] = `
Object {
  "cellSize": 10,
  "tiles": Array [
    Object {
      "east": "east_a",
      "frequency": 1,
      "north": "north_a",
      "rotiationDegrees": Array [
        0,
        90,
        180,
        270,
      ],
      "south": "south_a",
      "svg": "svg_a",
      "west": "west_a",
    },
    Object {
      "east": "east_b",
      "frequency": 2,
      "north": "north_b",
      "rotiationDegrees": Array [
        0,
        90,
      ],
      "south": "south_b",
      "svg": "svg_b",
      "west": "west_b",
    },
    Object {
      "east": "east_c",
      "frequency": 3,
      "north": "north_c",
      "rotiationDegrees": Array [
        0,
      ],
      "south": "south_c",
      "svg": "svg_c",
      "west": "west_c",
    },
  ],
}
`;
